// Jest Snapshot v1, https://goo.gl/fbAQLP

exports[`<HeaderContainer /> component snapshot 1`] = `
<div
  className="sc-AxjAm kqqGFW App-header"
>
  <h1
    className="App-title"
  >
    Top Headlines
  </h1>
  <h2 />
</div>
`;
